// Jest Snapshot v1, https://goo.gl/fbAQLP

exports[`greeting returns greeting for variable value "default" 1`] = `"<h2>Welcome to DevCycle's example app.</h2><p>If you got to the example app on your own, follow our README guide to create the Feature and Variables you need to control this app in DevCycle.</p><p><a href="/variables">All Variables</a></p>"`;

exports[`greeting returns greeting for variable value "step-1" 1`] = `"<h2>Welcome to DevCycle's example app.</h2><p>If you got here through the onboarding flow, just follow the instructions to change and create new Variations and see how the app reacts to new Variable values.</p><p><a href="/variables">All Variables</a></p>"`;

exports[`greeting returns greeting for variable value "step-2" 1`] = `"<h2>Great! You've taken the first step in exploring DevCycle.</h2><p>You've successfully toggled your very first Variation. You are now serving a different value to your users and you can see how the example app has reacted to this change. Next, go ahead and create a whole new Variation to see what else is possible in this app.</p><p><a href="/variables">All Variables</a></p>"`;

exports[`greeting returns greeting for variable value "step-3" 1`] = `"<h2>You're getting the hang of things.</h2><p>By creating a new Variation with new Variable values and toggling it on for all users, you've already explored the fundamental concepts within DevCycle. There's still so much more to the platform, so go ahead and complete the onboarding flow and play around with the feature that controls this example in your dashboard.</p><p><a href="/variables">All Variables</a></p>"`;
